CHANGELOG
[2026-01-17]
更新
更新tag图发送逻辑为5张一组，避免单个pid图过多时消息发送失败的问题
新增
新增tag图发送时的图片URL

[2026-01-16]
修复
修复tag图过多时内存爆满导致Bot重启而无法发送的bug
更新
更新每个JS插件的JSdoc文档注释，方便查看和改写

[2026-01-15]

[2026-01-12]
更新
更新tag图到最大20张
修复
修复二三图的URL错误

[2026-01-11]
修复
修复README文档中的拼写错误

[2026-01-10]
更新
更新REAMDE文档的开源协议声明，确保仓库开源一致性

[2026-01-09]
修复
修复P站tag图的SSL错误bug
修复sj插件的撤回bug
修复撤回设置的逻辑bug
新增
新增妹子图的插件自动更新ID功能

[2026-01-08]

[2026-01-06]
新增
新增多类型网址获取的插件
删除
删除718吃瓜插件
修复
修复二三图URL错误

[2026-01-04]
新增
新增暴走黑料的吃瓜插件

[2026-01-02]
修复
修复二三图的URL错误

[2025-12-31]
更新
更新磁力猫 URL
更新23图URL

[2025-12-15]
删除
删除无效插件P站每日排行
删除无效功能来x张x作品

[2025-12-12]
修复
修复 NapCat 转发节点名 messages 的 bug

修复 summary 底下文本的双引号错误

[2025-12-11]
新增
新增订阅自动更新插件

新增更新涩批插件的插件

更新
更新涩批帮助，更全面（帮助图待更新）

更新 tag 图数量限制（从 20 张改为 15 张，后又改回 20 张，最终改为 10 张）

修复
修复多项 bug

更新 README.md 安装说明

[2025-12-01]
修复
修复验车 bug

修复磁力链无截图时消息发送失败的 bug

更新磁力猫 URL

[2025-11-24]
更新
更新吃瓜功能

更新磁力猫 URL

更新涩批插件，弃用 python3-pil，改为 sharp 模块

删除
删除 2048 插件（实现不了 + 付费网站）

新增
新增 2048 核武器插件

新增 2048 手动更新最新合集页面数据插件

[2025-11-23]
更新
更新手动刷新吃瓜功能

取消吃瓜插件的发布时间解析

修复读取吃瓜 ID 的 bug

重构吃瓜插件的解析（工作量庞大）

新增
新增自动更新吃瓜 ID 插件

[2025-11-14]
修复
修复二三图 URL

尝试修复二三图显示问题

[2025-11-09]
新增
新增二三次原图插件

修复
修复 NapCat bug

修复导入错误

修复文件夹结构问题

重构
重构插件目录结构，避免大 JS 插件难以维护

修改随机吃瓜的 bug，不再重复回复

[2025-11-03]
更新
更新磁力猫 URL

修改 tag 图最大 20 张

[2025-10-31]
新增
新增 .gitignore 文件

修复
修复随机写真不再重复回复的 bug

[2025-10-28]
更新
更新 ID 提醒机制

更新 sp 插件信息

[2025-10-04]
更新
更新吃瓜功能

吃瓜改为每日 18:00 自动更新

[2025-10-02]
修复
修复 this 错误

更新增量更新 ID 功能，仅保留写真相关

[2025-09-30]
更新
修改磁力猫 URL

[2025-09-29]
更新
取消注释更新任务指令，保留手动更新

[2025-09-27]
重命名
将 MZT.js 重命名为 mzt.js

[2025-08-21]
更新
更换磁力猫 URL

[2025-07-23]
更新
妹子图网站反爬，修改爬取时间

[2025-07-21]
更新
更新磁力猫自定义信息及 URL

更新订阅信息

[2025-07-17]
更新
修改吃瓜自动更新间隔

[2025-07-10]
更新
妹子图自定义信息

更新吃瓜 URL

[2025-07-09]
更新
适配小写 ID

格式化妹子图插件

修复妹子图并新增#随机写真功能

修正因添加 cron 定时而导致的解析失败

[2025-07-07]
新增
新增 cron 定时更新吃瓜 ID，每日 02:30 执行

[2025-07-04]
更新
更新磁力猫 URL

妹子图和吃瓜功能改为仅主人可用

[2025-06-23]
文档
添加 JSDoc 注释

修复 README.md 错误

摒弃旧格式 JSON

修复
修复吃瓜函数名错误

[2025-06-22]
优化
优化细节

修复 README.md 文档

更新帮助图

[2025-06-21]
更新
修改吃瓜自定义信息

[2025-06-20]
更新
更新妹子图插件

[2025-06-19]
重构
格式化代码使其更标准

格式化吃瓜插件缩进

[2025-06-17]
更新
修改卧槽触发词为"樱糖"或"YT"/"yt"

增加 Gitee 库支持

吃瓜优化统一错误 ID 抓取，并增加 URL

[2025-06-16]
修复
修复卧槽功能

[2025-06-14]
更新
卧槽提醒改为不撤回

[2025-06-13]
更新
退回 node-fetch

修改卧槽摒弃 node-fetch 模块

[2025-06-12]
更新
更新潮拍区 ID 获取规则

[2025-06-11]
更新
更改吃瓜插件 ID 保存目录

更新妹子图写真区 ID 获取规则

[2025-06-06]
更新
更新吃瓜 ID 加载规则

修复
修复妹子图 bug

[2025-06-05]
新增
新增妹子图插件（待完善）

修复
修复吃瓜 bug，可从网页获取最新 ID

[2025-06-04]
更新
删除无效 URL

修复吃瓜错误

更新吃瓜 URL

[2025-05-31]
重构
删除无效插件

更新帮助图及吃瓜重构 ID 获取方式

创建 ids.json 文件

更新吃瓜 ID 加载及视频地址获取逻辑

[2025-05-29]
测试
上传测试文件

[2025-05-28]
更新
更新 P 站功能

修正磁力猫转发

更新磁力猫 timeout 和 URL

更新涩批帮助

[2025-05-27]
更新
更新磁力猫 URL

[2025-05-26]
修复
修正错误删除

删除不必要导入

[2025-05-25]
重构
修改创建时间和最后修改时间

格式化吃瓜插件并去除 xxx.webp 的正文内容

修复文章正文内容无法获取全部

[2025-05-24]
修复
修复吃瓜 bug

修改排除内容

修复只解析一条视频地址

重构吃瓜获取 ID 方法

[2025-05-19]
文档
更新帮助图

修复帮助图显示问题

[2025-05-18]
文档
更新 README.md

[2025-05-17]
重构
重命名吃瓜插件

修复 plugin.js 导入错误

更新吃瓜往期解析

修改往期吃瓜为不解析，自行选择 ID 进行解析

[2025-05-14]
修复
修复 infoMsg is not defined 错误

修改发送逻辑，视频图片文字任有其一都可发送

[2025-05-13]
文档
更新 README.md

[2025-05-12]
更新
卧槽改为不撤回

更新帮助图

更新了吃瓜以及提醒方式，现为所有聊天均可食用

[2025-05-11]
更新
更新吃瓜功能

[2025-05-10]
更新
更新 ID 和提醒方式

[2025-05-08]
更新
磁力猫更换 URL

[2025-05-07]
修复
修复 bug

[2025-05-06]
更新
随缘更新

[2025-05-05]
更新
例行更新

[2025-05-04]
更新
接口挂

[2025-05-02]
更新
设为不撤回提示

修复往期吃瓜文章的 bug

重命名
重命名文件

[2025-04-29]
删除
删除 Gitee 仓库

[2025-04-24]
删除
删除吃瓜插件（后续重写）

[2025-04-23]
修复
修改转发 icqq

修改文章内容获取规则

修复多项 bug

[2025-04-21]
文档
更新 README.md

[2025-04-20]
修复
修复 bug 并新增 bug

添加搜索提示

[2025-04-19]
更新
更新信息

[2025-04-18]
新增
添加随机吃瓜的功能

更新
更新最新 id

更新撤回逻辑，添加命令提醒

[2025-04-17]
修复
修复 URL，添加搜索提示

[2025-04-16]
更新
更新获取时间

更新屏蔽词

[2025-04-14]
清理
删除不必要的字段

[2025-04-13]
修复
修复了无法获取内容的 BUG

[2025-04-09]
删除
删除 tuisong.js

[2025-04-04]
更新
更新吃瓜插件

[2025-04-03]
项目初始化
初始提交

创建项目基础结构

上传基础插件文件
